// Jest Snapshot v1, https://goo.gl/fbAQLP

exports[`<Comment /> Should render correctly 1`] = `null`;
